[     448ms] [WARNING] document.domain mutation is ignored because the surrounding agent cluster is origin-keyed. @ https://appstoreconnect.apple.com/access/static/js/container.f00f8c8dd8c97bc3.js:1
[     451ms] [WARNING] [maison] No route found https://appstoreconnect.apple.com/teams/f843fd3a-a966-490d-b920-d372297fd960/apps/6760511889/testflight/ios @ https://appstoreconnect.apple.com/access/static/js/container.f00f8c8dd8c97bc3.js:1
[     469ms] [WARNING] Metrics config: No config provided via delegate or fetched via init(), using default/cached config values. @ https://appstoreconnect.apple.com/access/static/js/694.81535de161180022.js:0
[     576ms] [WARNING] <meta name="apple-mobile-web-app-capable" content="yes"> is deprecated. Please include <meta name="mobile-web-app-capable" content="yes"> @ https://appstoreconnect.apple.com/teams/f843fd3a-a966-490d-b920-d372297fd960/apps/6760511889/testflight/ios:0
[    2397ms] [WARNING] An array is needed to render meta tags @ https://appstoreconnect.apple.com/access/static/js/container.f00f8c8dd8c97bc3.js:1
[    2931ms] [WARNING] eventQueue overflow, deleting LRU events: size is: 101 which is over max size: 100 @ https://appstoreconnect.apple.com/access/static/js/container.f00f8c8dd8c97bc3.js:1
[    3177ms] [WARNING] eventQueue overflow, deleting LRU events: size is: 101 which is over max size: 100 @ https://appstoreconnect.apple.com/access/static/js/container.f00f8c8dd8c97bc3.js:1
[    3451ms] [WARNING] eventQueue overflow, deleting LRU events: size is: 101 which is over max size: 100 @ https://appstoreconnect.apple.com/access/static/js/container.f00f8c8dd8c97bc3.js:1
[    3451ms] [WARNING] eventQueue overflow, deleting LRU events: size is: 101 which is over max size: 100 @ https://appstoreconnect.apple.com/access/static/js/container.f00f8c8dd8c97bc3.js:1
[    3502ms] [WARNING] eventQueue overflow, deleting LRU events: size is: 101 which is over max size: 100 @ https://appstoreconnect.apple.com/access/static/js/container.f00f8c8dd8c97bc3.js:1
[    3506ms] [WARNING] eventQueue overflow, deleting LRU events: size is: 101 which is over max size: 100 @ https://appstoreconnect.apple.com/access/static/js/container.f00f8c8dd8c97bc3.js:1
[    3506ms] [WARNING] eventQueue overflow, deleting LRU events: size is: 101 which is over max size: 100 @ https://appstoreconnect.apple.com/access/static/js/container.f00f8c8dd8c97bc3.js:1
[    3506ms] [WARNING] eventQueue overflow, deleting LRU events: size is: 101 which is over max size: 100 @ https://appstoreconnect.apple.com/access/static/js/container.f00f8c8dd8c97bc3.js:1
[    3691ms] [WARNING] eventQueue overflow, deleting LRU events: size is: 101 which is over max size: 100 @ https://appstoreconnect.apple.com/access/static/js/container.f00f8c8dd8c97bc3.js:1
[    3725ms] [WARNING] eventQueue overflow, deleting LRU events: size is: 101 which is over max size: 100 @ https://appstoreconnect.apple.com/access/static/js/container.f00f8c8dd8c97bc3.js:1
[   22265ms] [WARNING] document.domain mutation is ignored because the surrounding agent cluster is origin-keyed. @ https://appstoreconnect.apple.com/access/static/js/container.f00f8c8dd8c97bc3.js:1
[   22266ms] [WARNING] [maison] No route found https://appstoreconnect.apple.com/teams/f843fd3a-a966-490d-b920-d372297fd960/apps/6760511889/testflight/ios @ https://appstoreconnect.apple.com/access/static/js/container.f00f8c8dd8c97bc3.js:1
[   22272ms] [WARNING] Metrics config: No config provided via delegate or fetched via init(), using default/cached config values. @ https://appstoreconnect.apple.com/access/static/js/694.81535de161180022.js:0
[   22288ms] [WARNING] <meta name="apple-mobile-web-app-capable" content="yes"> is deprecated. Please include <meta name="mobile-web-app-capable" content="yes"> @ https://appstoreconnect.apple.com/teams/f843fd3a-a966-490d-b920-d372297fd960/apps/6760511889/testflight/ios:0
[   23565ms] [WARNING] An array is needed to render meta tags @ https://appstoreconnect.apple.com/access/static/js/container.f00f8c8dd8c97bc3.js:1
[  256296ms] [WARNING] document.domain mutation is ignored because the surrounding agent cluster is origin-keyed. @ https://appstoreconnect.apple.com/access/static/js/container.f00f8c8dd8c97bc3.js:1
[  256299ms] [WARNING] [maison] No route found https://appstoreconnect.apple.com/teams/f843fd3a-a966-490d-b920-d372297fd960/apps/6760511889/testflight/ios @ https://appstoreconnect.apple.com/access/static/js/container.f00f8c8dd8c97bc3.js:1
[  256371ms] [WARNING] Metrics config: No config provided via delegate or fetched via init(), using default/cached config values. @ https://appstoreconnect.apple.com/access/static/js/694.81535de161180022.js:0
[  256452ms] [WARNING] <meta name="apple-mobile-web-app-capable" content="yes"> is deprecated. Please include <meta name="mobile-web-app-capable" content="yes"> @ https://appstoreconnect.apple.com/teams/f843fd3a-a966-490d-b920-d372297fd960/apps/6760511889/testflight/ios:0
[  258144ms] [WARNING] An array is needed to render meta tags @ https://appstoreconnect.apple.com/access/static/js/container.f00f8c8dd8c97bc3.js:1
[  259293ms] [WARNING] eventQueue overflow, deleting LRU events: size is: 101 which is over max size: 100 @ https://appstoreconnect.apple.com/access/static/js/container.f00f8c8dd8c97bc3.js:1
[  259452ms] [WARNING] eventQueue overflow, deleting LRU events: size is: 101 which is over max size: 100 @ https://appstoreconnect.apple.com/access/static/js/container.f00f8c8dd8c97bc3.js:1
[  259452ms] [WARNING] eventQueue overflow, deleting LRU events: size is: 101 which is over max size: 100 @ https://appstoreconnect.apple.com/access/static/js/container.f00f8c8dd8c97bc3.js:1
[  259452ms] [WARNING] eventQueue overflow, deleting LRU events: size is: 101 which is over max size: 100 @ https://appstoreconnect.apple.com/access/static/js/container.f00f8c8dd8c97bc3.js:1
[  259452ms] [WARNING] eventQueue overflow, deleting LRU events: size is: 101 which is over max size: 100 @ https://appstoreconnect.apple.com/access/static/js/container.f00f8c8dd8c97bc3.js:1
[  259658ms] [WARNING] eventQueue overflow, deleting LRU events: size is: 101 which is over max size: 100 @ https://appstoreconnect.apple.com/access/static/js/container.f00f8c8dd8c97bc3.js:1
[  259761ms] [WARNING] eventQueue overflow, deleting LRU events: size is: 101 which is over max size: 100 @ https://appstoreconnect.apple.com/access/static/js/container.f00f8c8dd8c97bc3.js:1
[  259959ms] [WARNING] eventQueue overflow, deleting LRU events: size is: 101 which is over max size: 100 @ https://appstoreconnect.apple.com/access/static/js/container.f00f8c8dd8c97bc3.js:1
[  260577ms] [WARNING] eventQueue overflow, deleting LRU events: size is: 101 which is over max size: 100 @ https://appstoreconnect.apple.com/access/static/js/container.f00f8c8dd8c97bc3.js:1
[  261049ms] [WARNING] eventQueue overflow, deleting LRU events: size is: 101 which is over max size: 100 @ https://appstoreconnect.apple.com/access/static/js/container.f00f8c8dd8c97bc3.js:1
[  261073ms] [WARNING] eventQueue overflow, deleting LRU events: size is: 101 which is over max size: 100 @ https://appstoreconnect.apple.com/access/static/js/container.f00f8c8dd8c97bc3.js:1
[  261086ms] [WARNING] eventQueue overflow, deleting LRU events: size is: 101 which is over max size: 100 @ https://appstoreconnect.apple.com/access/static/js/container.f00f8c8dd8c97bc3.js:1
[  261117ms] [WARNING] eventQueue overflow, deleting LRU events: size is: 101 which is over max size: 100 @ https://appstoreconnect.apple.com/access/static/js/container.f00f8c8dd8c97bc3.js:1
[  261144ms] [WARNING] eventQueue overflow, deleting LRU events: size is: 101 which is over max size: 100 @ https://appstoreconnect.apple.com/access/static/js/container.f00f8c8dd8c97bc3.js:1
[  261175ms] [WARNING] eventQueue overflow, deleting LRU events: size is: 101 which is over max size: 100 @ https://appstoreconnect.apple.com/access/static/js/container.f00f8c8dd8c97bc3.js:1
[  261209ms] [WARNING] eventQueue overflow, deleting LRU events: size is: 101 which is over max size: 100 @ https://appstoreconnect.apple.com/access/static/js/container.f00f8c8dd8c97bc3.js:1
[  262407ms] [WARNING] eventQueue overflow, deleting LRU events: size is: 101 which is over max size: 100 @ https://appstoreconnect.apple.com/access/static/js/container.f00f8c8dd8c97bc3.js:1
[  262734ms] [WARNING] eventQueue overflow, deleting LRU events: size is: 101 which is over max size: 100 @ https://appstoreconnect.apple.com/access/static/js/container.f00f8c8dd8c97bc3.js:1
[  262957ms] [WARNING] eventQueue overflow, deleting LRU events: size is: 101 which is over max size: 100 @ https://appstoreconnect.apple.com/access/static/js/container.f00f8c8dd8c97bc3.js:1
[  263005ms] [WARNING] eventQueue overflow, deleting LRU events: size is: 101 which is over max size: 100 @ https://appstoreconnect.apple.com/access/static/js/container.f00f8c8dd8c97bc3.js:1
[  263058ms] [WARNING] eventQueue overflow, deleting LRU events: size is: 101 which is over max size: 100 @ https://appstoreconnect.apple.com/access/static/js/container.f00f8c8dd8c97bc3.js:1
[  457665ms] [WARNING] Blocked aria-hidden on an element because its descendant retained focus. The focus must not be hidden from assistive technology users. Avoid using aria-hidden on a focused element or its ancestor. Consider using the inert attribute instead, which will also prevent focus. For more details, see the aria-hidden section of the WAI-ARIA specification at https://w3c.github.io/aria/#aria-hidden.
Element with focus: <a>
Ancestor with aria-hidden: <a> @ https://appstoreconnect.apple.com/teams/f843fd3a-a966-490d-b920-d372297fd960/apps/6760511889/testflight/groups/d7639038-92ae-4eec-beda-6d8012b8cca1/builds:0
